.................................................................................................................................................
.................................................................................................................................................
.................................................................................................................................................
.............c...................................................................................................................................
............4#3............................................................c.....................................................................
..................43...c....................c.............................4#3....................................................................
......................43............4#3....43.....................................43.......c.@...................................................
...........................c..43................43........................................4#####3................................................
...........................43.......................................................................43....c......................................
......................................................43.................................................43......................................
.................................................................................................................................................
.............................................................43......43..........................................................................
.................................................................................................................................................
...................43............................................................................43.....43.............................s.........
...............................................................c............@c.........c.....43...................................###############
...............43......c......................................4###3......#######.....4####3...................######......43......6//////////////
..........43...........43..................................43............6/////7..............................6////7...............6/////////////
#######........................@c.....@c..................................////...........................4#3...//7.............43.../////////////
//////7...................##################llllll#####...................////.................................//.................../////////////
//////llllllllllllllllllll//////////////////ffffff////7...................////......................4##3.......//.........4##3....../////////////
//////ffffffffffffffffffff//////////////////ffffff////llllllllllllllllllll////..c.......#########..............//..c...#............/////////////
//////ffffffffffffffffffff////////////////////////////ffffffffffffffffffff////####lll###/////////#lllllllllllll//####lllllllllllllll/////////////
/////////////////////////////////////////////////////////////////////////////////////////////////////////////////////////////////////////////////
/////////////////////////////////////////////////////////////////////////////////////////////////////////////////////////////////////////////////
/////////////////////////////////////////////////////////////////////////////////////////////////////////////////////////////////////////////////
/////////////////////////////////////////////////////////////////////////////////////////////////////////////////////////////////////////////////
/////////////////////////////////////////////////////////////////////////////////////////////////////////////////////////////////////////////////